// Jest Snapshot v1, https://goo.gl/fbAQLP

exports[`User testing User will be created with success message 1`] = `
Object {
  "message": "User created successfully",
  "success": true,
  "user": Object {
    "address": "test",
    "city": "test",
    "country": "test",
    "email": "test@test.com",
    "firstName": "testFirst name",
    "lastName": "Test",
    "location": "test",
    "phoneNumber": "1234567",
    "state": "test",
    "zip": "12345",
  },
}
`;
